[0.009s][info][gc] Using The Z Garbage Collector
[0.150s][info][gc] GC(0) Garbage Collection (Warmup) 4M(33%)->2M(17%)
[1.250s][info][gc] GC(1) Garbage Collection (Warmup) 4M(33%)->4M(33%)
[1.347s][info][gc] GC(2) Garbage Collection (Warmup) 4M(33%)->6M(50%)
[5.851s][info][gc] GC(3) Garbage Collection (Proactive) 8M(67%)->6M(50%)
[5.946s][info][gc] Relocation Stall (Attach Listener) 0.671ms
[5.946s][info][gc] GC(4) Garbage Collection (Allocation Stall) 12M(100%)->8M(67%)
[5.947s][info][gc] Allocation Stall (Attach Listener) 12.453ms
[5.998s][info][gc] Relocation Stall (Attach Listener) 1.201ms
[5.998s][info][gc] Allocation Stall (Attach Listener) 12.792ms
[5.998s][info][gc] GC(5) Garbage Collection (Allocation Stall) 12M(100%)->8M(67%)
[6.053s][info][gc] GC(6) Garbage Collection (Allocation Rate) 8M(67%)->8M(67%)
[6.149s][info][gc] GC(7) Garbage Collection (Allocation Rate) 8M(67%)->8M(67%)
[6.252s][info][gc] Allocation Stall (C1 CompilerThread0) 11.694ms
[6.252s][info][gc] Relocation Stall (Attach Listener) 0.427ms
[6.252s][info][gc] Allocation Stall (Attach Listener) 12.430ms
[6.253s][info][gc] GC(8) Garbage Collection (Allocation Rate) 12M(100%)->8M(67%)
[6.356s][info][gc] Relocation Stall (JFR Periodic Tasks) 0.954ms
[6.356s][info][gc] GC(9) Garbage Collection (Allocation Stall) 12M(100%)->8M(67%)
[6.357s][info][gc] Allocation Stall (JFR Periodic Tasks) 7.335ms
[6.454s][info][gc] GC(10) Garbage Collection (Allocation Stall) 8M(67%)->8M(67%)
[6.557s][info][gc] GC(11) Garbage Collection (Allocation Rate) 8M(67%)->8M(67%)
[6.667s][info][gc] GC(12) Garbage Collection (Allocation Rate) 8M(67%)->8M(67%)
[6.768s][info][gc] GC(13) Garbage Collection (Allocation Rate) 8M(67%)->8M(67%)
[6.876s][info][gc] GC(14) Garbage Collection (Allocation Rate) 8M(67%)->8M(67%)
[6.976s][info][gc] GC(15) Garbage Collection (Allocation Rate) 8M(67%)->8M(67%)
[7.073s][info][gc] GC(16) Garbage Collection (Allocation Rate) 8M(67%)->8M(67%)
[7.168s][info][gc] GC(17) Garbage Collection (Allocation Rate) 8M(67%)->8M(67%)
[7.272s][info][gc] GC(18) Garbage Collection (Allocation Rate) 8M(67%)->8M(67%)
[7.366s][info][gc] GC(19) Garbage Collection (Allocation Rate) 8M(67%)->8M(67%)
[7.454s][info][gc] GC(20) Garbage Collection (Allocation Rate) 8M(67%)->10M(83%)
[7.561s][info][gc] GC(21) Garbage Collection (Allocation Rate) 10M(83%)->10M(83%)
[7.667s][info][gc] GC(22) Garbage Collection (Allocation Rate) 10M(83%)->10M(83%)
[7.772s][info][gc] GC(23) Garbage Collection (Allocation Rate) 10M(83%)->10M(83%)
[7.866s][info][gc] GC(24) Garbage Collection (Allocation Rate) 10M(83%)->10M(83%)
[7.970s][info][gc] GC(25) Garbage Collection (Allocation Rate) 10M(83%)->10M(83%)
[8.073s][info][gc] GC(26) Garbage Collection (Allocation Rate) 10M(83%)->10M(83%)
[8.178s][info][gc] GC(27) Garbage Collection (Allocation Rate) 10M(83%)->10M(83%)
[8.274s][info][gc] GC(28) Garbage Collection (Allocation Rate) 10M(83%)->10M(83%)
[8.361s][info][gc] GC(29) Garbage Collection (Allocation Rate) 10M(83%)->10M(83%)
[8.471s][info][gc] GC(30) Garbage Collection (Allocation Rate) 10M(83%)->10M(83%)
[8.574s][info][gc] GC(31) Garbage Collection (Allocation Rate) 10M(83%)->10M(83%)
[8.673s][info][gc] GC(32) Garbage Collection (Allocation Rate) 10M(83%)->10M(83%)
[8.771s][info][gc] GC(33) Garbage Collection (Allocation Rate) 10M(83%)->10M(83%)
[8.876s][info][gc] GC(34) Garbage Collection (Allocation Rate) 10M(83%)->8M(67%)
[8.978s][info][gc] GC(35) Garbage Collection (Allocation Rate) 8M(67%)->8M(67%)
[9.070s][info][gc] GC(36) Garbage Collection (Allocation Rate) 8M(67%)->8M(67%)
[9.175s][info][gc] GC(37) Garbage Collection (Allocation Rate) 8M(67%)->8M(67%)
[9.273s][info][gc] GC(38) Garbage Collection (Allocation Rate) 8M(67%)->8M(67%)
[9.367s][info][gc] GC(39) Garbage Collection (Allocation Rate) 8M(67%)->10M(83%)
[9.469s][info][gc] GC(40) Garbage Collection (Allocation Rate) 10M(83%)->8M(67%)
[9.578s][info][gc] GC(41) Garbage Collection (Allocation Rate) 8M(67%)->8M(67%)
[9.670s][info][gc] GC(42) Garbage Collection (Allocation Rate) 8M(67%)->8M(67%)
[9.776s][info][gc] GC(43) Garbage Collection (Allocation Rate) 8M(67%)->8M(67%)
[9.873s][info][gc] GC(44) Garbage Collection (Allocation Rate) 8M(67%)->8M(67%)
[9.978s][info][gc] GC(45) Garbage Collection (Allocation Rate) 8M(67%)->8M(67%)
[10.074s][info][gc] GC(46) Garbage Collection (Allocation Rate) 8M(67%)->8M(67%)
[10.175s][info][gc] GC(47) Garbage Collection (Allocation Rate) 8M(67%)->8M(67%)
[10.268s][info][gc] GC(48) Garbage Collection (Allocation Rate) 8M(67%)->8M(67%)
[10.366s][info][gc] GC(49) Garbage Collection (Allocation Rate) 8M(67%)->8M(67%)
[10.477s][info][gc] GC(50) Garbage Collection (Allocation Rate) 8M(67%)->8M(67%)
[10.572s][info][gc] GC(51) Garbage Collection (Allocation Rate) 8M(67%)->8M(67%)
[10.671s][info][gc] GC(52) Garbage Collection (Allocation Rate) 8M(67%)->8M(67%)
[10.774s][info][gc] GC(53) Garbage Collection (Allocation Rate) 8M(67%)->8M(67%)
[10.870s][info][gc] GC(54) Garbage Collection (Allocation Rate) 8M(67%)->8M(67%)
[10.975s][info][gc] GC(55) Garbage Collection (Allocation Rate) 8M(67%)->8M(67%)
[11.072s][info][gc] GC(56) Garbage Collection (Allocation Rate) 8M(67%)->8M(67%)
[11.172s][info][gc] GC(57) Garbage Collection (Allocation Rate) 8M(67%)->8M(67%)
[11.274s][info][gc] GC(58) Garbage Collection (Allocation Rate) 8M(67%)->8M(67%)
[11.365s][info][gc] GC(59) Garbage Collection (Allocation Rate) 8M(67%)->8M(67%)
[11.470s][info][gc] GC(60) Garbage Collection (Allocation Rate) 8M(67%)->8M(67%)
[11.577s][info][gc] GC(61) Garbage Collection (Allocation Rate) 8M(67%)->8M(67%)
[11.675s][info][gc] GC(62) Garbage Collection (Allocation Rate) 8M(67%)->8M(67%)
[11.774s][info][gc] GC(63) Garbage Collection (Allocation Rate) 8M(67%)->8M(67%)
[11.869s][info][gc] GC(64) Garbage Collection (Allocation Rate) 8M(67%)->8M(67%)
[11.972s][info][gc] GC(65) Garbage Collection (Allocation Rate) 8M(67%)->8M(67%)
[12.076s][info][gc] GC(66) Garbage Collection (Allocation Rate) 8M(67%)->8M(67%)
[12.171s][info][gc] GC(67) Garbage Collection (Allocation Rate) 8M(67%)->8M(67%)
[12.272s][info][gc] GC(68) Garbage Collection (Allocation Rate) 8M(67%)->8M(67%)
[12.369s][info][gc] GC(69) Garbage Collection (Allocation Rate) 8M(67%)->8M(67%)
[12.454s][info][gc] GC(70) Garbage Collection (Allocation Rate) 8M(67%)->8M(67%)
[12.561s][info][gc] GC(71) Garbage Collection (Allocation Rate) 8M(67%)->8M(67%)
[12.672s][info][gc] GC(72) Garbage Collection (Allocation Rate) 8M(67%)->8M(67%)
[12.774s][info][gc] GC(73) Garbage Collection (Allocation Rate) 8M(67%)->8M(67%)
[12.871s][info][gc] GC(74) Garbage Collection (Allocation Rate) 8M(67%)->8M(67%)
[12.971s][info][gc] GC(75) Garbage Collection (Allocation Rate) 8M(67%)->8M(67%)
[13.075s][info][gc] GC(76) Garbage Collection (Allocation Rate) 8M(67%)->8M(67%)
[13.169s][info][gc] GC(77) Garbage Collection (Allocation Rate) 8M(67%)->8M(67%)
[13.274s][info][gc] GC(78) Garbage Collection (Allocation Rate) 8M(67%)->8M(67%)
[13.371s][info][gc] GC(79) Garbage Collection (Allocation Rate) 8M(67%)->8M(67%)
[13.473s][info][gc] GC(80) Garbage Collection (Allocation Rate) 8M(67%)->8M(67%)
[13.575s][info][gc] GC(81) Garbage Collection (Allocation Rate) 8M(67%)->8M(67%)
[13.674s][info][gc] GC(82) Garbage Collection (Allocation Rate) 8M(67%)->8M(67%)
[13.771s][info][gc] GC(83) Garbage Collection (Allocation Rate) 8M(67%)->8M(67%)
[13.874s][info][gc] GC(84) Garbage Collection (Allocation Rate) 8M(67%)->8M(67%)
[13.980s][info][gc] GC(85) Garbage Collection (Allocation Rate) 8M(67%)->8M(67%)
[14.071s][info][gc] GC(86) Garbage Collection (Allocation Rate) 8M(67%)->8M(67%)
[14.173s][info][gc] GC(87) Garbage Collection (Allocation Rate) 8M(67%)->8M(67%)
[14.277s][info][gc] GC(88) Garbage Collection (Allocation Rate) 8M(67%)->8M(67%)
[14.355s][info][gc] GC(89) Garbage Collection (Allocation Rate) 8M(67%)->8M(67%)
[14.459s][info][gc] GC(90) Garbage Collection (Allocation Rate) 8M(67%)->8M(67%)
[14.566s][info][gc] GC(91) Garbage Collection (Allocation Rate) 8M(67%)->8M(67%)
[14.652s][info][gc] GC(92) Garbage Collection (Allocation Rate) 8M(67%)->8M(67%)
[14.753s][info][gc] GC(93) Garbage Collection (Allocation Rate) 8M(67%)->8M(67%)
[14.853s][info][gc] GC(94) Garbage Collection (Allocation Rate) 8M(67%)->8M(67%)
[14.953s][info][gc] GC(95) Garbage Collection (Allocation Rate) 8M(67%)->8M(67%)
[15.053s][info][gc] GC(96) Garbage Collection (Allocation Rate) 8M(67%)->8M(67%)
[15.153s][info][gc] GC(97) Garbage Collection (Allocation Rate) 8M(67%)->8M(67%)
[15.253s][info][gc] GC(98) Garbage Collection (Allocation Rate) 8M(67%)->8M(67%)
[15.353s][info][gc] GC(99) Garbage Collection (Allocation Rate) 8M(67%)->8M(67%)
[15.454s][info][gc] GC(100) Garbage Collection (Allocation Rate) 8M(67%)->8M(67%)
[15.553s][info][gc] GC(101) Garbage Collection (Allocation Rate) 8M(67%)->8M(67%)
[15.651s][info][gc] GC(102) Garbage Collection (Allocation Rate) 8M(67%)->8M(67%)
[15.753s][info][gc] GC(103) Garbage Collection (Allocation Rate) 8M(67%)->8M(67%)
[15.853s][info][gc] GC(104) Garbage Collection (Allocation Rate) 8M(67%)->8M(67%)
[15.951s][info][gc] GC(105) Garbage Collection (Allocation Rate) 8M(67%)->8M(67%)
[16.054s][info][gc] GC(106) Garbage Collection (Allocation Rate) 8M(67%)->8M(67%)
[16.155s][info][gc] GC(107) Garbage Collection (Allocation Rate) 8M(67%)->8M(67%)
[16.253s][info][gc] GC(108) Garbage Collection (Allocation Rate) 8M(67%)->8M(67%)
